[2026-03-01 17:51:22,889] INFO: User 'שחר יהודה יאני' logged out successfully.
[2026-03-01 17:51:33,840] INFO: User ID 1 logged in.
[2026-03-01 18:03:16,302] INFO: User 'שחר יהודה יאני' logged out successfully.
[2026-03-01 18:03:20,649] INFO: User ID 1 logged in.
[2026-03-02 00:31:03,637] INFO: User 'שחר יהודה יאני' logged out successfully.
[2026-03-02 11:47:57,402] INFO: User ID 1 logged in.
[2026-03-02 12:02:31,980] INFO: User 'שחר יהודה יאני' logged out successfully.
[2026-03-02 12:17:06,447] INFO: User ID 1 logged in.
[2026-03-02 12:18:18,831] INFO: User 'שחר יהודה יאני' logged out successfully.
[2026-03-02 12:21:21,323] INFO: User ID 1 logged in.
[2026-03-02 12:21:31,062] INFO: User 'שחר יהודה יאני' logged out successfully.
[2026-03-02 12:21:35,827] INFO: User ID 1 logged in.
[2026-03-02 17:07:37,485] INFO: User 'שחר יהודה יאני' logged out successfully.
[2026-03-02 17:08:09,116] INFO: User ID 1 logged in.
[2026-03-02 18:02:34,968] INFO: User 'שחר יהודה יאני' logged out successfully.
[2026-03-02 19:46:11,764] INFO: User ID 1 logged in.
[2026-03-02 19:57:29,985] INFO: User 'שחר יהודה יאני' logged out successfully.
[2026-03-02 19:57:34,763] INFO: User ID 23 logged in.
[2026-03-02 19:58:58,417] INFO: User 'רוני' logged out successfully.
[2026-03-02 19:59:02,847] INFO: User ID 22 logged in.
[2026-03-02 19:59:12,202] INFO: User 'יוסי' logged out successfully.
[2026-03-02 19:59:16,682] INFO: User ID 21 logged in.
[2026-03-02 19:59:58,235] INFO: User 'איתי' logged out successfully.
[2026-03-02 20:00:02,207] INFO: User ID 23 logged in.
[2026-03-02 20:00:27,478] INFO: User 'רוני' logged out successfully.
[2026-03-02 20:00:33,812] INFO: User ID 20 logged in.
[2026-03-02 20:00:39,080] INFO: User 'יובל' logged out successfully.
[2026-03-02 20:00:42,573] INFO: User ID 1 logged in.
[2026-03-02 20:50:46,165] INFO: User 'שחר יהודה יאני' logged out successfully.
[2026-03-02 23:30:35,214] WARNING: Login failed for 'שחר יהודה יאני'.
[2026-03-02 23:30:41,367] INFO: User ID 1 logged in.
[2026-03-02 23:33:50,386] INFO: User 'שחר יהודה יאני' logged out successfully.
[2026-03-03 11:02:31,339] INFO: User ID 1 logged in.
[2026-03-03 11:35:00,912] INFO: User 'שחר יהודה יאני' logged out successfully.
[2026-03-03 11:35:05,028] INFO: User ID 22 logged in.
[2026-03-03 11:36:27,766] INFO: User 'יוסי' logged out successfully.
[2026-03-03 11:36:31,190] INFO: User ID 1 logged in.
[2026-03-03 17:41:07,161] INFO: User 'שחר יהודה יאני' logged out successfully.
[2026-03-03 18:21:50,594] INFO: User ID 1 logged in.
[2026-03-03 21:50:47,596] INFO: User 'שחר יהודה יאני' logged out successfully.
[2026-03-03 21:50:50,776] INFO: User ID 23 logged in.
[2026-03-03 21:51:06,333] INFO: User 'רוני' logged out successfully.
[2026-03-03 21:51:09,164] INFO: User ID 1 logged in.
[2026-03-04 00:19:49,500] INFO: User 'שחר יהודה יאני' logged out successfully.
[2026-03-04 10:05:37,810] INFO: User ID 1 logged in.
[2026-03-04 16:38:57,408] INFO: User 'שחר יהודה יאני' logged out successfully.
[2026-03-04 16:39:01,756] INFO: User ID 23 logged in.
[2026-03-04 16:39:31,421] INFO: User 'רוני' logged out successfully.
[2026-03-04 16:39:36,716] INFO: User ID 1 logged in.
[2026-03-04 21:22:17,887] INFO: User 'שחר יהודה יאני' logged out successfully.
[2026-03-04 21:22:22,174] INFO: User ID 23 logged in.
[2026-03-04 21:22:37,084] INFO: User 'רוני' logged out successfully.
[2026-03-04 21:22:40,199] INFO: User ID 1 logged in.
[2026-03-04 21:33:33,009] INFO: User 'שחר יהודה יאני' logged out successfully.
[2026-03-04 21:33:36,573] INFO: User ID 21 logged in.
[2026-03-04 21:34:53,365] INFO: User 'איתי' logged out successfully.
[2026-03-04 21:35:06,860] INFO: User ID 1 logged in.
[2026-03-04 22:22:46,070] INFO: User 'שחר יהודה יאני' logged out successfully.
[2026-03-04 22:22:49,557] INFO: User ID 21 logged in.
[2026-03-04 22:23:17,359] INFO: User 'איתי' logged out successfully.
[2026-03-04 22:23:30,895] INFO: User ID 1 logged in.
[2026-03-04 22:39:51,479] INFO: User 'שחר יהודה יאני' logged out successfully.
[2026-03-04 22:39:55,280] INFO: User ID 21 logged in.
[2026-03-04 22:40:40,650] INFO: User 'איתי' logged out successfully.
[2026-03-04 22:40:45,224] INFO: User ID 1 logged in.
[2026-03-04 23:02:07,951] INFO: User 'שחר יהודה יאני' logged out successfully.
[2026-03-05 13:45:45,555] INFO: User ID 1 logged in.
[2026-03-05 13:46:06,948] INFO: User 'שחר יהודה יאני' logged out successfully.
[2026-03-05 13:46:37,932] INFO: User ID 1 logged in.
[2026-03-05 14:06:00,558] INFO: User 'שחר יהודה יאני' logged out successfully.
[2026-03-05 14:06:04,802] INFO: User ID 23 logged in.
[2026-03-05 14:06:52,557] INFO: User 'רוני' logged out successfully.
[2026-03-05 14:12:52,703] WARNING: Login failed for 'שחר יהודה יאני'.
[2026-03-05 14:12:57,213] INFO: User ID 1 logged in.
[2026-03-06 01:11:55,191] INFO: User 'שחר יהודה יאני' logged out successfully.
[2026-03-06 17:46:43,245] INFO: User ID 1 logged in.
[2026-03-06 19:32:01,178] INFO: User 'שחר יהודה יאני' logged out successfully.
[2026-03-06 19:32:05,023] INFO: User ID 23 logged in.
[2026-03-06 19:32:36,358] INFO: User 'רוני' logged out successfully.
[2026-03-06 19:32:41,170] INFO: User ID 1 logged in.
[2026-03-06 19:39:54,502] INFO: User 'שחר יהודה יאני' logged out successfully.
[2026-03-06 22:58:45,549] INFO: User ID 1 logged in.
[2026-03-07 00:02:21,635] INFO: User 'שחר יהודה יאני' logged out successfully.
[2026-03-07 00:02:30,146] INFO: User ID 1 logged in.
[2026-03-07 00:20:34,774] INFO: User 'שחר יהודה יאני' logged out successfully.
[2026-03-07 00:20:38,384] INFO: User ID 23 logged in.
[2026-03-07 00:21:12,445] INFO: User 'רוני' logged out successfully.
[2026-03-07 00:21:21,105] INFO: User ID 1 logged in.
[2026-03-07 00:53:56,432] INFO: User ID 23 logged in.
[2026-03-07 01:43:23,108] INFO: User 'רוני' logged out successfully.
[2026-03-07 02:22:38,274] INFO: User 'שחר יהודה יאני' logged out successfully.
[2026-03-07 12:23:48,299] INFO: User ID 1 logged in.
[2026-03-07 14:19:36,313] WARNING: Login failed for 'רוני'.
[2026-03-07 14:19:41,922] INFO: User ID 23 logged in.
[2026-03-07 14:19:47,583] INFO: User 'רוני' logged out successfully.
[2026-03-07 14:20:04,215] INFO: User ID 23 logged in.
[2026-03-07 14:35:07,832] INFO: User 'רוני' logged out successfully.
[2026-03-07 17:39:07,988] INFO: User ID 23 logged in.
[2026-03-08 01:19:33,895] INFO: User 'רוני' logged out successfully.
[2026-03-08 01:45:59,628] INFO: User 'שחר יהודה יאני' logged out successfully.
[2026-03-08 11:46:01,670] INFO: User ID 1 logged in.
[2026-03-08 15:28:55,473] INFO: User ID 23 logged in.
[2026-03-08 15:29:46,667] INFO: User 'רוני' logged out successfully.
[2026-03-08 15:46:10,896] INFO: User ID 21 logged in.
[2026-03-08 15:46:30,381] INFO: User 'איתי' logged out successfully.
[2026-03-08 21:56:29,113] INFO: User ID 23 logged in.
[2026-03-08 23:31:04,941] INFO: User 'שחר יהודה יאני' logged out successfully.
[2026-03-08 23:31:21,612] INFO: User 'רוני' logged out successfully.
[2026-03-09 11:52:47,527] INFO: User ID 1 logged in.
[2026-03-09 13:12:13,507] INFO: User ID 23 logged in.
[2026-03-09 18:37:52,635] INFO: User 'שחר יהודה יאני' logged out successfully.
[2026-03-09 18:43:25,150] INFO: User ID 1 logged in.
[2026-03-09 21:28:17,052] INFO: User 'שחר יהודה יאני' logged out successfully.
[2026-03-09 21:28:35,176] INFO: User ID 1 logged in.
[2026-03-09 22:09:33,635] INFO: User 'רוני' logged out successfully.
[2026-03-09 22:09:55,218] INFO: User 'שחר יהודה יאני' logged out successfully.
[2026-03-10 12:33:57,003] INFO: User ID 1 logged in.
[2026-03-10 13:36:40,371] INFO: User 'שחר יהודה יאני' logged out successfully.
[2026-03-10 14:02:31,521] INFO: User ID 1 logged in.
[2026-03-10 14:28:14,931] INFO: User 'שחר יהודה יאני' logged out successfully.
[2026-03-10 14:33:08,834] WARNING: Login failed for 'שחר יהודה יאני'.
[2026-03-10 14:33:15,792] INFO: User ID 1 logged in.
[2026-03-10 14:36:55,031] INFO: User 'שחר יהודה יאני' logged out successfully.
[2026-03-10 21:39:36,933] INFO: User ID 1 logged in.
[2026-03-10 23:47:56,267] INFO: User 'שחר יהודה יאני' logged out successfully.
[2026-03-11 09:42:42,108] INFO: User ID 1 logged in.
[2026-03-11 09:50:03,180] INFO: User 'שחר יהודה יאני' logged out successfully.
[2026-03-11 22:35:25,050] INFO: User ID 1 logged in.
[2026-03-11 22:55:55,752] INFO: User ID 23 logged in.
[2026-03-11 23:01:12,861] INFO: User 'רוני' logged out successfully.
[2026-03-12 01:26:44,338] INFO: User 'שחר יהודה יאני' logged out successfully.
[2026-03-13 12:03:32,552] INFO: User ID 1 logged in.
[2026-03-13 12:57:51,191] ERROR: Error creating user: table users has no column named email
[2026-03-13 15:09:23,992] INFO: User 'שחר יהודה יאני' logged out successfully.
[2026-03-13 15:09:27,987] WARNING: Login failed for 'יובל'.
[2026-03-13 15:09:33,901] INFO: User ID 1 logged in.
[2026-03-13 15:11:51,909] INFO: User 'שחר יהודה יאני' logged out successfully.
[2026-03-13 15:11:55,670] INFO: User ID 2 logged in.
[2026-03-13 15:11:57,804] INFO: User 'יובל' logged out successfully.
[2026-03-13 15:12:01,348] INFO: User ID 1 logged in.
[2026-03-13 15:52:54,216] INFO: User 'יובל' (ID: 2) updated: type=0, admin=False by שחר יהודה יאני.
[2026-03-13 15:53:59,217] INFO: User 'יובל' (ID: 2) updated: type=0, admin=False by שחר יהודה יאני.
[2026-03-13 15:54:43,830] INFO: User 'יובל' (ID: 2) updated: type=0, admin=False by שחר יהודה יאני.
[2026-03-13 15:54:51,792] INFO: User 'יובל' (ID: 2) updated: type=0, admin=False by שחר יהודה יאני.
[2026-03-13 15:57:32,208] INFO: User 'יובל' (ID: 2) updated: type=0, admin=False by שחר יהודה יאני.
[2026-03-13 18:51:26,495] INFO: User 'שחר יהודה יאני' logged out successfully.
[2026-03-13 23:00:26,526] INFO: User ID 1 logged in.
[2026-03-14 02:01:16,987] INFO: User 'שחר יהודה יאני' logged out successfully.
[2026-03-14 12:53:29,643] INFO: User ID 1 logged in.
[2026-03-14 13:09:56,725] INFO: User 'יובל' (ID: 2) updated: type=0, admin=False by שחר יהודה יאני.
[2026-03-14 13:10:03,370] INFO: User 'יובל' (ID: 2) updated: type=0, admin=False by שחר יהודה יאני.
[2026-03-14 14:05:19,256] INFO: User 'שחר יהודה יאני' logged out successfully.
[2026-03-14 17:05:08,132] INFO: User ID 1 logged in.
[2026-03-14 18:50:26,434] INFO: User 'שחר יהודה יאני' logged out successfully.
[2026-03-14 18:50:29,337] INFO: User ID 2 logged in.
[2026-03-14 18:51:10,473] INFO: User 'יובל' logged out successfully.
[2026-03-14 18:51:17,555] INFO: User ID 1 logged in.
[2026-03-14 18:51:39,149] INFO: User 'יובל' (ID: 2) updated: type=1, admin=False by שחר יהודה יאני.
[2026-03-14 18:51:43,581] INFO: User 'יובל' (ID: 2) updated: type=0, admin=False by שחר יהודה יאני.
[2026-03-14 18:52:00,398] INFO: User 'שחר יהודה יאני' logged out successfully.
[2026-03-14 18:52:03,613] INFO: User ID 4 logged in.
[2026-03-14 18:52:11,083] INFO: User 'יוסי' logged out successfully.
[2026-03-14 18:52:15,703] INFO: User ID 1 logged in.
[2026-03-14 21:55:37,521] INFO: User 'שחר יהודה יאני' logged out successfully.
[2026-03-15 12:28:04,178] INFO: User ID 1 logged in.
[2026-03-15 14:27:30,226] INFO: User 'שחר יהודה יאני' logged out successfully.
[2026-03-15 18:35:02,484] INFO: User ID 1 logged in.
[2026-03-15 22:34:21,251] INFO: User 'שחר יהודה יאני' logged out successfully.
[2026-03-16 17:34:54,314] WARNING: Login failed for 'שחר יהודה יאני'.
[2026-03-16 17:35:43,600] WARNING: Login failed for 'שחר יהודה יאני'.
[2026-03-16 17:35:53,321] WARNING: Login failed for 'שחר יהודה יאני'.
[2026-03-16 17:37:49,519] WARNING: Login failed for 'שחר יהודה יאני'.
[2026-03-16 17:37:53,258] INFO: User ID 5 logged in.
[2026-03-16 17:37:53,377] INFO: User ID 5 logged in.
[2026-03-16 17:38:23,259] INFO: User 'רוני' logged out successfully.
[2026-03-16 17:38:29,272] INFO: User ID 1 logged in.
[2026-03-16 17:40:19,878] INFO: User 'שחר יהודה יאני' logged out successfully.
[2026-03-16 17:40:19,902] INFO: Unknown user logged out.
[2026-03-16 17:46:48,818] INFO: User 'שחר יהודה יאני' logged in.
[2026-03-16 17:46:51,218] INFO: User 'שחר יהודה יאני' logged out successfully.
[2026-03-16 17:47:25,570] WARNING: Login failed for 'ads'.
[2026-03-16 17:47:43,490] WARNING: Login failed for 'ads'.
[2026-03-16 17:47:49,541] INFO: User 'שחר יהודה יאני' logged in.
[2026-03-16 17:49:44,469] INFO: User 'יובל' (ID: 2) updated: type=0, admin=True by שחר יהודה יאני.
[2026-03-16 17:50:27,653] INFO: User 'שחר יהודה יאני' logged out successfully.
[2026-03-16 17:50:44,956] INFO: User 'שחר יהודה יאני' logged in.
[2026-03-16 17:57:44,683] INFO: User 'שחר יהודה יאני' logged out successfully.
[2026-03-16 17:58:16,740] INFO: User 'שחר יהודה יאני' logged in.
[2026-03-16 17:58:18,052] INFO: User 'שחר יהודה יאני' logged out successfully.
[2026-03-23 12:24:12,509] INFO: User 'שחר יהודה יאני' logged in.
[2026-03-24 18:19:23,302] INFO: User 'שחר יהודה יאני' logged in.
[2026-03-24 23:13:41,760] INFO: User 'שחר יהודה יאני' logged out successfully.
[2026-03-29 10:54:49,100] INFO: User 'שחר יהודה יאני' logged in.
[2026-03-29 11:20:31,047] INFO: User 'שחר יהודה יאני' logged out successfully.
[2026-03-29 11:20:36,428] INFO: User 'שחר יהודה יאני' logged in.
[2026-03-29 11:45:48,690] INFO: User 'שחר יהודה יאני' logged out successfully.
[2026-03-29 11:45:55,786] INFO: User 'רוני' logged in.
[2026-03-29 12:10:55,304] INFO: User 'רוני' logged out successfully.
[2026-03-29 12:10:58,556] INFO: User 'שחר יהודה יאני' logged in.
[2026-03-29 12:13:19,919] INFO: User 'שחר יהודה יאני' logged out successfully.
[2026-03-29 12:13:24,110] INFO: User 'רוני' logged in.
[2026-03-29 12:20:37,549] INFO: User 'רוני' logged out successfully.
[2026-03-29 12:20:42,952] INFO: User 'שחר יהודה יאני' logged in.
[2026-03-29 12:30:45,650] INFO: User 'שחר יהודה יאני' logged out successfully.
[2026-03-29 12:30:48,789] INFO: User 'רוני' logged in.
[2026-03-29 12:31:17,674] INFO: User 'רוני' logged out successfully.
[2026-03-29 12:31:20,533] INFO: User 'שחר יהודה יאני' logged in.
[2026-03-29 12:35:34,085] INFO: User 'שחר יהודה יאני' logged out successfully.
[2026-03-29 12:35:37,098] INFO: User 'רוני' logged in.
[2026-03-29 12:35:59,614] INFO: User 'רוני' logged out successfully.
[2026-03-29 12:36:05,295] INFO: User 'שחר יהודה יאני' logged in.
[2026-03-29 12:36:37,673] INFO: User 'שחר יהודה יאני' logged out successfully.
[2026-03-29 12:36:41,197] INFO: User 'רוני' logged in.
[2026-03-29 12:37:46,423] INFO: User 'רוני' logged out successfully.
[2026-03-29 12:37:50,547] INFO: User 'שחר יהודה יאני' logged in.
[2026-03-29 12:42:55,790] INFO: User 'שחר יהודה יאני' logged out successfully.
[2026-03-29 12:42:58,393] INFO: User 'רוני' logged in.
[2026-03-29 12:43:14,695] INFO: User 'רוני' logged out successfully.
[2026-03-29 12:43:18,996] WARNING: Login failed for 'שחר יהודה יאני'.
[2026-03-29 12:43:21,565] INFO: User 'שחר יהודה יאני' logged in.
[2026-03-29 12:44:38,686] INFO: User 'שחר יהודה יאני' logged out successfully.
[2026-03-29 12:44:42,057] INFO: User 'רוני' logged in.
[2026-03-29 12:46:19,808] INFO: User 'רוני' logged out successfully.
[2026-03-29 12:46:23,470] INFO: User 'שחר יהודה יאני' logged in.
[2026-03-29 12:49:45,218] INFO: User 'שחר יהודה יאני' logged out successfully.
[2026-03-29 12:49:48,166] INFO: User 'רוני' logged in.
[2026-03-29 12:49:48,221] INFO: User 'רוני' logged in.
[2026-03-29 12:49:53,806] INFO: User 'רוני' logged out successfully.
[2026-03-29 12:49:57,237] INFO: User 'שחר יהודה יאני' logged in.
[2026-03-29 13:55:49,098] INFO: User 'שחר יהודה יאני' logged out successfully.
[2026-03-29 14:54:36,617] INFO: User 'שחר יהודה יאני' logged in.
[2026-03-29 15:57:15,620] INFO: User 'שחר יהודה יאני' logged out successfully.
[2026-03-29 15:57:18,757] INFO: User 'רוני' logged in.
[2026-03-29 15:59:09,908] INFO: User 'רוני' logged out successfully.
[2026-03-29 15:59:13,495] INFO: User 'שחר יהודה יאני' logged in.
[2026-03-29 16:00:05,911] INFO: User 'שחר יהודה יאני' logged out successfully.
[2026-03-29 16:00:09,755] INFO: User 'שחר יהודה יאני' logged in.
[2026-03-29 16:00:13,264] INFO: User 'שחר יהודה יאני' logged out successfully.
[2026-03-29 16:00:16,589] INFO: User 'איתי' logged in.
[2026-03-29 16:01:19,044] INFO: User 'איתי' logged out successfully.
[2026-03-29 16:01:22,075] INFO: User 'שחר יהודה יאני' logged in.
[2026-03-29 16:02:45,877] INFO: User 'שחר יהודה יאני' logged out successfully.
[2026-03-29 16:02:49,465] INFO: User 'איתי' logged in.
[2026-03-29 16:27:03,213] INFO: User 'איתי' logged out successfully.
[2026-03-29 16:27:06,802] INFO: User 'שחר יהודה יאני' logged in.
[2026-03-29 17:31:48,036] INFO: User 'שחר יהודה יאני' logged out successfully.
[2026-03-29 17:31:54,108] INFO: User 'יוסי' logged in.
[2026-03-29 18:00:58,050] INFO: User 'יוסי' logged out successfully.
[2026-03-29 18:01:01,033] INFO: User 'שחר יהודה יאני' logged in.
[2026-03-29 18:01:59,988] INFO: User 'שחר יהודה יאני' logged out successfully.
[2026-03-29 18:02:05,846] INFO: User 'יוסי' logged in.
[2026-03-29 18:07:14,724] INFO: User 'יוסי' logged out successfully.
[2026-03-29 18:07:18,507] INFO: User 'שחר יהודה יאני' logged in.
[2026-03-29 18:07:57,368] INFO: User 'שחר יהודה יאני' logged out successfully.
[2026-03-29 18:08:01,241] INFO: User 'יוסי' logged in.
[2026-03-29 18:17:04,726] INFO: User 'יוסי' logged out successfully.
[2026-03-29 18:17:07,445] INFO: User 'שחר יהודה יאני' logged in.
[2026-03-30 01:01:13,121] INFO: User 'שחר יהודה יאני' logged out successfully.
[2026-03-30 12:00:59,580] INFO: User 'שחר יהודה יאני' logged in.
[2026-03-30 12:28:16,646] INFO: User 'שחר יהודה יאני' logged out successfully.
[2026-03-30 15:57:57,441] INFO: User 'שחר יהודה יאני' logged in.
[2026-03-30 18:36:56,535] INFO: User 'שחר יהודה יאני' logged out successfully.
[2026-03-30 18:37:00,623] INFO: User 'רוני' logged in.
[2026-03-30 18:40:12,405] INFO: User 'רוני' logged out successfully.
[2026-03-30 18:40:21,949] INFO: User 'שחר יהודה יאני' logged in.
[2026-03-30 18:49:26,299] INFO: User 'שחר יהודה יאני' logged out successfully.
[2026-03-30 18:49:57,071] INFO: User 'שחר יהודה יאני' logged in.
[2026-03-30 19:00:51,743] INFO: User 'שחר יהודה יאני' logged out successfully.
[2026-04-02 11:54:50,913] INFO: User 'שחר יהודה יאני' logged in.
[2026-04-02 13:12:01,197] INFO: User 'יובל' (ID: 2) updated: type=0, admin=True by שחר יהודה יאני.
[2026-04-02 13:15:26,509] INFO: User 'יובל' (ID: 2) updated: type=0, admin=True by שחר יהודה יאני.
[2026-04-02 13:17:56,309] INFO: User 'יובל' (ID: 2) updated: type=0, admin=True by שחר יהודה יאני.
[2026-04-02 13:23:47,082] INFO: User 'שחר יהודה יאני' logged out successfully.
[2026-04-02 13:41:22,172] INFO: User 'שחר יהודה יאני' logged in.
[2026-04-02 14:20:36,601] INFO: User 'שחר יהודה יאני' logged out successfully.
[2026-04-02 14:20:50,907] INFO: User 'שחר יהודה יאני' logged in.
[2026-04-02 14:23:29,883] INFO: User 'שחר יהודה יאני' logged out successfully.
[2026-04-04 19:48:45,412] INFO: User 'שחר יהודה יאני' logged in.
[2026-04-04 20:04:09,958] INFO: User 'שחר יהודה יאני' logged in.
[2026-04-04 20:10:24,451] INFO: User 'שחר יהודה יאני' logged out successfully.
[2026-04-04 20:10:54,041] INFO: User 'שחר יהודה יאני' logged in.
[2026-04-04 20:12:15,615] INFO: User 'שחר יהודה יאני' logged out successfully.
[2026-04-04 20:12:19,303] INFO: User 'שחר יהודה יאני' logged in.
[2026-04-04 20:58:39,585] INFO: User 'שחר יהודה יאני' logged out successfully.
[2026-04-05 00:54:25,594] INFO: User 'שחר יהודה יאני' logged in.
[2026-04-05 01:56:30,231] INFO: User 'שחר יהודה יאני' logged out successfully.
[2026-04-05 11:43:31,726] INFO: User 'שחר יהודה יאני' logged in.
