[2025-12-17 23:35:03,813] INFO: User 'יובל' (ID: 3) status changed to 2 by admin.
[2025-12-17 23:35:09,276] INFO: User 'יובל' (ID: 3) status changed to 2 by admin.
[2025-12-17 23:35:17,457] INFO: User 'יובל' (ID: 3) status changed to 2 by admin.
[2025-12-17 23:35:47,986] INFO: User 'רוני' (ID: 2) status changed to 1 by admin.
[2025-12-17 23:36:52,611] INFO: User 'יוסי' (ID: 5) status changed to 0 by admin.
[2025-12-17 23:37:11,477] INFO: User 'איתי' (ID: 4) status changed to 0 by admin.
[2025-12-17 23:43:57,785] INFO: User 'יובל' (ID: 3) status changed to 2 by admin.
[2025-12-17 23:47:21,419] INFO: User 'יובל' (ID: 3) status changed to 2 by admin.
[2025-12-17 23:50:38,005] INFO: User 'יובל' (ID: 3) status changed to 2 by admin.
[2025-12-17 23:50:58,412] INFO: User 'יובל' (ID: 3) status changed to 2 by admin.
[2025-12-17 23:52:02,005] INFO: User 'יובל' (ID: 3) status changed to 2 by admin.
[2025-12-18 14:23:46,994] INFO: User 'שחר יהודה יאני' (ID: 1) logged in successfully.
[2025-12-18 16:37:17,597] INFO: User 'שחר יהודה יאני' (ID: 1) logged out successfully.
[2025-12-18 21:04:46,938] INFO: User 'שחר יהודה יאני' (ID: 1) logged in successfully.
[2025-12-18 22:18:43,132] INFO: User 'שחר יהודה יאני' (ID: 1) logged out successfully.
[2025-12-18 22:18:48,140] INFO: User 'שחר יהודה יאני' (ID: 1) logged in successfully.
[2025-12-19 00:06:15,328] INFO: User 'שחר יהודה יאני' (ID: 1) logged out successfully.
[2025-12-19 00:07:23,758] INFO: User 'שחר יהודה יאני' (ID: 1) logged in successfully.
[2025-12-19 00:15:23,572] INFO: User 'שחר יהודה יאני' (ID: 1) logged out successfully.
[2025-12-20 15:55:29,044] INFO: User 'שחר יהודה יאני' (ID: 1) logged in successfully.
[2025-12-28 23:23:21,835] INFO: User 'שחר יהודה יאני' (ID: 1) logged in successfully.
[2025-12-28 23:24:23,035] INFO: User 'שחר יהודה יאני' (ID: 1) logged out successfully.
[2025-12-28 23:24:45,020] INFO: User 'שחר יהודה יאני' (ID: 1) logged in successfully.
[2025-12-28 23:43:31,434] INFO: User 'רוני' (ID: 3) status changed to 1 by admin.
[2025-12-28 23:43:40,931] INFO: User 'איתי' (ID: 4) status changed to 0 by admin.
[2025-12-28 23:45:10,598] INFO: User 'איתי' (ID: 4) status changed to 2 by admin.
[2025-12-29 16:12:55,140] INFO: User 'שחר יהודה יאני' (ID: 1) logged in successfully.
[2025-12-29 16:18:30,684] INFO: User 'שחר יהודה יאני' (ID: 1) logged out successfully.
[2025-12-29 16:18:34,595] INFO: User 'רוני' (ID: 2) logged in successfully.
[2025-12-29 16:18:40,219] INFO: User 'רוני' (ID: 2) logged out successfully.
[2025-12-29 16:18:44,266] INFO: User 'שחר יהודה יאני' (ID: 1) logged in successfully.
[2025-12-29 17:44:55,782] WARNING: Login failed for 'שחר יהודה יאני'.
[2025-12-29 17:45:00,779] WARNING: Login failed for 'שחר יהודה יאני'.
[2025-12-29 18:07:54,363] WARNING: Login failed for 'שחר יהודה יאני'.
[2025-12-29 18:08:00,813] WARNING: Login failed for 'שחר יהודה יאני'.
[2025-12-29 18:08:10,546] WARNING: Login failed for 'שחר יהודה יאני'.
[2025-12-29 18:09:24,153] WARNING: Login failed for 'שחר יהודה יאני'.
[2025-12-29 18:09:48,873] INFO: User 'שחר יהודה יאני' logged out successfully.
[2025-12-29 18:10:05,219] WARNING: Login failed for 'שחר יהודה יאני'.
[2025-12-29 18:11:08,278] WARNING: Login failed for 'שחר יהודה יאני'.
[2025-12-29 18:11:13,715] WARNING: Login failed for 'שחר יהודה יאני'.
[2025-12-29 18:17:08,711] INFO: User 'שחר יהודה יאני' (ID: 1) logged in successfully.
[2025-12-29 18:18:01,777] INFO: User 'איתי' (ID: 4) updated: type=1, admin=False by שחר יהודה יאני.
[2025-12-29 18:37:28,614] INFO: User 'שחר יהודה יאני' logged out successfully.
[2025-12-29 18:37:32,469] INFO: User 'שחר יהודה יאני' (ID: 1) logged in successfully.
[2025-12-29 18:43:48,993] INFO: User 'רוני' (ID: 2) updated: type=2, admin=False by שחר יהודה יאני.
[2025-12-29 18:44:02,978] INFO: User 'רוני' (ID: 2) updated: type=2, admin=False by שחר יהודה יאני.
[2025-12-29 18:51:42,393] INFO: User 'שחר יהודה יאני' logged out successfully.
[2025-12-29 18:51:46,593] INFO: User 'רוני' (ID: 2) logged in successfully.
[2025-12-29 18:51:54,913] INFO: User 'רוני' logged out successfully.
[2025-12-29 18:51:58,286] INFO: User 'שחר יהודה יאני' (ID: 1) logged in successfully.
[2025-12-29 18:52:15,897] INFO: User 'שחר יהודה יאני' (ID: 1) changed password.
[2025-12-29 18:52:25,361] INFO: User 'שחר יהודה יאני' logged out successfully.
[2025-12-29 18:52:28,309] INFO: User 'שחר יהודה יאני' (ID: 1) logged in successfully.
[2025-12-29 19:15:13,760] INFO: User 'שחר יהודה יאני' logged out successfully.
[2025-12-29 21:12:37,290] INFO: User 'שחר יהודה יאני' (ID: 1) logged in successfully.
[2025-12-29 23:23:39,273] INFO: User 'שחר יהודה יאני' logged out successfully.
[2025-12-29 23:25:08,416] INFO: User 'שחר יהודה יאני' (ID: 1) logged in successfully.
[2025-12-29 23:25:20,503] INFO: User 'שחר יהודה יאני' logged out successfully.
[2026-01-01 22:53:03,226] INFO: User 'שחר יהודה יאני' (ID: 1) logged in successfully.
[2026-01-02 16:32:30,730] INFO: User 'שחר יהודה יאני' (ID: 1) logged in successfully.
[2026-01-04 00:05:22,975] INFO: User 'שחר יהודה יאני' logged out successfully.
[2026-01-04 00:05:29,005] INFO: User 'שחר יהודה יאני' (ID: 1) logged in successfully.
[2026-01-04 00:54:48,510] INFO: User 'שחר יהודה יאני' logged out successfully.
[2026-01-30 16:37:40,326] INFO: User 'שחר יהודה יאני' (ID: 1) logged in successfully.
[2026-01-30 23:22:03,208] INFO: User 'שחר יהודה יאני' (ID: 1) logged in successfully.
[2026-01-31 12:11:52,358] INFO: User 'שחר יהודה יאני' (ID: 1) logged in successfully.
[2026-01-31 15:49:07,605] INFO: User 'שחר יהודה יאני' logged out successfully.
[2026-01-31 15:49:15,400] INFO: User 'רוני' (ID: 2) logged in successfully.
[2026-01-31 15:49:51,420] INFO: User 'רוני' logged out successfully.
[2026-01-31 15:50:07,573] INFO: User 'שחר יהודה יאני' (ID: 1) logged in successfully.
[2026-01-31 15:50:11,035] INFO: User 'שחר יהודה יאני' logged out successfully.
[2026-01-31 16:23:29,646] INFO: User 'שחר יהודה יאני' (ID: 1) logged in successfully.
[2026-01-31 19:35:00,406] INFO: User 'שחר יהודה יאני' logged out successfully.
[2026-01-31 19:35:05,576] INFO: User 'רוני' (ID: 2) logged in successfully.
[2026-01-31 19:35:49,248] INFO: User 'רוני' logged out successfully.
[2026-01-31 19:35:52,818] WARNING: Login failed for 'שחר יהודה יאני'.
[2026-01-31 19:35:58,617] WARNING: Login failed for 'שחר יהודה יאני'.
[2026-01-31 19:36:05,149] WARNING: Login failed for 'שחר יהודה יאני'.
[2026-01-31 19:36:12,633] WARNING: Login failed for 'שחר יהודה יאני'.
[2026-01-31 19:36:20,691] WARNING: Login failed for 'שחר יהודה יאני'.
[2026-01-31 19:36:25,727] WARNING: Login failed for 'שחר יהודה יאני'.
[2026-01-31 19:36:34,760] INFO: User 'יובל' (ID: 3) logged in successfully.
[2026-01-31 19:36:46,844] INFO: User 'יובל' logged out successfully.
[2026-01-31 19:36:54,515] INFO: User 'שחר יהודה יאני' (ID: 1) logged in successfully.
[2026-01-31 19:47:42,272] INFO: User 'שחר יהודה יאני' logged out successfully.
[2026-01-31 22:02:44,410] INFO: User 'שחר יהודה יאני' (ID: 1) logged in successfully.
[2026-01-31 23:42:47,869] INFO: User 'שחר יהודה יאני' logged out successfully.
[2026-02-05 22:04:29,789] INFO: User 'שחר יהודה יאני' (ID: 1) logged in successfully.
[2026-02-05 22:50:46,994] INFO: User 'שחר יהודה יאני' logged out successfully.
[2026-02-05 22:50:51,131] INFO: User 'שחר יהודה יאני' (ID: 1) logged in successfully.
[2026-02-06 12:05:01,845] INFO: User 'שחר יהודה יאני' (ID: 1) logged in successfully.
[2026-02-06 12:55:18,680] INFO: User 'שחר יהודה יאני' logged out successfully.
[2026-02-06 12:55:22,673] INFO: User 'רוני' (ID: 2) logged in successfully.
[2026-02-06 12:55:36,188] INFO: User 'רוני' logged out successfully.
[2026-02-06 12:55:40,242] INFO: User 'שחר יהודה יאני' (ID: 1) logged in successfully.
[2026-02-06 13:19:01,538] INFO: User 'שחר יהודה יאני' logged out successfully.
[2026-02-06 13:36:25,367] INFO: User 'שחר יהודה יאני' (ID: 1) logged in successfully.
[2026-02-06 13:39:08,904] INFO: User 'שחר יהודה יאני' logged out successfully.
[2026-02-06 13:39:33,524] INFO: User 'שחר יהודה יאני' (ID: 1) logged in successfully.
[2026-02-07 13:16:26,547] INFO: User 'שחר יהודה יאני' (ID: 1) logged in successfully.
[2026-02-07 16:06:13,854] INFO: User 'שחר יהודה יאני' logged out successfully.
[2026-02-07 16:06:17,816] INFO: User 'רוני' (ID: 2) logged in successfully.
[2026-02-07 16:06:37,845] INFO: User 'רוני' logged out successfully.
[2026-02-07 16:06:59,882] INFO: User 'שחר יהודה יאני' (ID: 1) logged in successfully.
[2026-02-07 16:18:24,149] INFO: User 'שחר יהודה יאני' logged out successfully.
[2026-02-07 16:18:28,212] WARNING: Login failed for 'רוני'.
[2026-02-07 16:18:34,310] WARNING: Login failed for 'רוני'.
[2026-02-07 16:18:39,334] INFO: User 'רוני' (ID: 2) logged in successfully.
[2026-02-07 16:19:13,490] INFO: User 'רוני' logged out successfully.
[2026-02-07 16:19:21,187] INFO: User 'שחר יהודה יאני' (ID: 1) logged in successfully.
[2026-02-07 22:55:41,827] INFO: User 'שחר יהודה יאני' logged out successfully.
[2026-02-07 22:55:45,385] INFO: User 'רוני' (ID: 2) logged in successfully.
[2026-02-07 23:04:17,959] INFO: User 'רוני' logged out successfully.
[2026-02-07 23:04:22,419] INFO: User 'שחר יהודה יאני' (ID: 1) logged in successfully.
[2026-02-07 23:37:14,775] INFO: User 'שחר יהודה יאני' logged out successfully.
[2026-02-14 18:11:51,974] INFO: User 'שחר יהודה יאני' (ID: 1) logged in successfully.
[2026-02-14 19:17:51,884] INFO: User 'שחר יהודה יאני' logged out successfully.
[2026-02-14 19:17:55,626] INFO: User 'רוני' (ID: 2) logged in successfully.
[2026-02-14 19:18:07,162] INFO: User 'רוני' logged out successfully.
[2026-02-14 19:18:10,128] INFO: User 'שחר יהודה יאני' (ID: 1) logged in successfully.
